Makefile:2359: atención: se anulan las instrucciones para el objetivo 'ui_comprasventasremoto.h'
Makefile:2355: atención: se ignoran las instrucciones viejas para el objetivo 'ui_comprasventasremoto.h'
g++ -c -pipe -O2 -Wall -Wextra -mno-direct-extern-access -D_REENTRANT -DQT_NO_DEBUG -DQT_CHARTS_LIB -DQT_OPENGLWIDGETS_LIB -DQT_WEBENGINEWIDGETS_LIB -DQT_PRINTSUPPORT_LIB -DQT_WIDGETS_LIB -DQT_WEBENGINECORE_LIB -DQT_QUICK_LIB -DQT_OPENGL_LIB -DQT_GUI_LIB -DQT_SQL_LIB -DQT_WEBCHANNEL_LIB -DQT_QML_LIB -DQT_NETWORK_LIB -DQT_QMLINTEGRATION_LIB -DQT_POSITIONING_LIB -DQT_CONCURRENT_LIB -DQT_CORE5COMPAT_LIB -DQT_CORE_LIB -I. -I/usr/include/qt6 -I/usr/include/qt6/QtCharts -I/usr/include/qt6/QtOpenGLWidgets -I/usr/include/qt6/QtWebEngineWidgets -I/usr/include/qt6/QtPrintSupport -I/usr/include/qt6/QtWidgets -I/usr/include/qt6/QtWebEngineCore -I/usr/include/qt6/QtQuick -I/usr/include/qt6/QtOpenGL -I/usr/include/qt6/QtGui -I/usr/include/qt6/QtSql -I/usr/include/qt6/QtWebChannel -I/usr/include/qt6/QtQml -I/usr/include/qt6/QtNetwork -I/usr/include/qt6/QtQmlIntegration -I/usr/include/qt6/QtPositioning -I/usr/include/qt6/QtConcurrent -I/usr/include/qt6/QtCore5Compat -I/usr/include/qt6/QtCore -I. -I. -I/usr/lib/qt6/mkspecs/linux-g++ -o main.o main.cpp
g++ -c -pipe -O2 -Wall -Wextra -mno-direct-extern-access -D_REENTRANT -DQT_NO_DEBUG -DQT_CHARTS_LIB -DQT_OPENGLWIDGETS_LIB -DQT_WEBENGINEWIDGETS_LIB -DQT_PRINTSUPPORT_LIB -DQT_WIDGETS_LIB -DQT_WEBENGINECORE_LIB -DQT_QUICK_LIB -DQT_OPENGL_LIB -DQT_GUI_LIB -DQT_SQL_LIB -DQT_WEBCHANNEL_LIB -DQT_QML_LIB -DQT_NETWORK_LIB -DQT_QMLINTEGRATION_LIB -DQT_POSITIONING_LIB -DQT_CONCURRENT_LIB -DQT_CORE5COMPAT_LIB -DQT_CORE_LIB -I. -I/usr/include/qt6 -I/usr/include/qt6/QtCharts -I/usr/include/qt6/QtOpenGLWidgets -I/usr/include/qt6/QtWebEngineWidgets -I/usr/include/qt6/QtPrintSupport -I/usr/include/qt6/QtWidgets -I/usr/include/qt6/QtWebEngineCore -I/usr/include/qt6/QtQuick -I/usr/include/qt6/QtOpenGL -I/usr/include/qt6/QtGui -I/usr/include/qt6/QtSql -I/usr/include/qt6/QtWebChannel -I/usr/include/qt6/QtQml -I/usr/include/qt6/QtNetwork -I/usr/include/qt6/QtQmlIntegration -I/usr/include/qt6/QtPositioning -I/usr/include/qt6/QtConcurrent -I/usr/include/qt6/QtCore5Compat -I/usr/include/qt6/QtCore -I. -I. -I/usr/lib/qt6/mkspecs/linux-g++ -o actualizarclientes.o actualizarclientes.cpp
g++ -c -pipe -O2 -Wall -Wextra -mno-direct-extern-access -D_REENTRANT -DQT_NO_DEBUG -DQT_CHARTS_LIB -DQT_OPENGLWIDGETS_LIB -DQT_WEBENGINEWIDGETS_LIB -DQT_PRINTSUPPORT_LIB -DQT_WIDGETS_LIB -DQT_WEBENGINECORE_LIB -DQT_QUICK_LIB -DQT_OPENGL_LIB -DQT_GUI_LIB -DQT_SQL_LIB -DQT_WEBCHANNEL_LIB -DQT_QML_LIB -DQT_NETWORK_LIB -DQT_QMLINTEGRATION_LIB -DQT_POSITIONING_LIB -DQT_CONCURRENT_LIB -DQT_CORE5COMPAT_LIB -DQT_CORE_LIB -I. -I/usr/include/qt6 -I/usr/include/qt6/QtCharts -I/usr/include/qt6/QtOpenGLWidgets -I/usr/include/qt6/QtWebEngineWidgets -I/usr/include/qt6/QtPrintSupport -I/usr/include/qt6/QtWidgets -I/usr/include/qt6/QtWebEngineCore -I/usr/include/qt6/QtQuick -I/usr/include/qt6/QtOpenGL -I/usr/include/qt6/QtGui -I/usr/include/qt6/QtSql -I/usr/include/qt6/QtWebChannel -I/usr/include/qt6/QtQml -I/usr/include/qt6/QtNetwork -I/usr/include/qt6/QtQmlIntegration -I/usr/include/qt6/QtPositioning -I/usr/include/qt6/QtConcurrent -I/usr/include/qt6/QtCore5Compat -I/usr/include/qt6/QtCore -I. -I. -I/usr/lib/qt6/mkspecs/linux-g++ -o conexionesremotas.o conexionesremotas.cpp
g++ -c -pipe -O2 -Wall -Wextra -mno-direct-extern-access -D_REENTRANT -DQT_NO_DEBUG -DQT_CHARTS_LIB -DQT_OPENGLWIDGETS_LIB -DQT_WEBENGINEWIDGETS_LIB -DQT_PRINTSUPPORT_LIB -DQT_WIDGETS_LIB -DQT_WEBENGINECORE_LIB -DQT_QUICK_LIB -DQT_OPENGL_LIB -DQT_GUI_LIB -DQT_SQL_LIB -DQT_WEBCHANNEL_LIB -DQT_QML_LIB -DQT_NETWORK_LIB -DQT_QMLINTEGRATION_LIB -DQT_POSITIONING_LIB -DQT_CONCURRENT_LIB -DQT_CORE5COMPAT_LIB -DQT_CORE_LIB -I. -I/usr/include/qt6 -I/usr/include/qt6/QtCharts -I/usr/include/qt6/QtOpenGLWidgets -I/usr/include/qt6/QtWebEngineWidgets -I/usr/include/qt6/QtPrintSupport -I/usr/include/qt6/QtWidgets -I/usr/include/qt6/QtWebEngineCore -I/usr/include/qt6/QtQuick -I/usr/include/qt6/QtOpenGL -I/usr/include/qt6/QtGui -I/usr/include/qt6/QtSql -I/usr/include/qt6/QtWebChannel -I/usr/include/qt6/QtQml -I/usr/include/qt6/QtNetwork -I/usr/include/qt6/QtQmlIntegration -I/usr/include/qt6/QtPositioning -I/usr/include/qt6/QtConcurrent -I/usr/include/qt6/QtCore5Compat -I/usr/include/qt6/QtCore -I. -I. -I/usr/lib/qt6/mkspecs/linux-g++ -o generarvales.o generarvales.cpp
g++ -c -pipe -O2 -Wall -Wextra -mno-direct-extern-access -D_REENTRANT -DQT_NO_DEBUG -DQT_CHARTS_LIB -DQT_OPENGLWIDGETS_LIB -DQT_WEBENGINEWIDGETS_LIB -DQT_PRINTSUPPORT_LIB -DQT_WIDGETS_LIB -DQT_WEBENGINECORE_LIB -DQT_QUICK_LIB -DQT_OPENGL_LIB -DQT_GUI_LIB -DQT_SQL_LIB -DQT_WEBCHANNEL_LIB -DQT_QML_LIB -DQT_NETWORK_LIB -DQT_QMLINTEGRATION_LIB -DQT_POSITIONING_LIB -DQT_CONCURRENT_LIB -DQT_CORE5COMPAT_LIB -DQT_CORE_LIB -I. -I/usr/include/qt6 -I/usr/include/qt6/QtCharts -I/usr/include/qt6/QtOpenGLWidgets -I/usr/include/qt6/QtWebEngineWidgets -I/usr/include/qt6/QtPrintSupport -I/usr/include/qt6/QtWidgets -I/usr/include/qt6/QtWebEngineCore -I/usr/include/qt6/QtQuick -I/usr/include/qt6/QtOpenGL -I/usr/include/qt6/QtGui -I/usr/include/qt6/QtSql -I/usr/include/qt6/QtWebChannel -I/usr/include/qt6/QtQml -I/usr/include/qt6/QtNetwork -I/usr/include/qt6/QtQmlIntegration -I/usr/include/qt6/QtPositioning -I/usr/include/qt6/QtConcurrent -I/usr/include/qt6/QtCore5Compat -I/usr/include/qt6/QtCore -I. -I. -I/usr/lib/qt6/mkspecs/linux-g++ -o imprimirfacturaproveedor.o imprimirfacturaproveedor.cpp
g++ -c -pipe -O2 -Wall -Wextra -mno-direct-extern-access -D_REENTRANT -DQT_NO_DEBUG -DQT_CHARTS_LIB -DQT_OPENGLWIDGETS_LIB -DQT_WEBENGINEWIDGETS_LIB -DQT_PRINTSUPPORT_LIB -DQT_WIDGETS_LIB -DQT_WEBENGINECORE_LIB -DQT_QUICK_LIB -DQT_OPENGL_LIB -DQT_GUI_LIB -DQT_SQL_LIB -DQT_WEBCHANNEL_LIB -DQT_QML_LIB -DQT_NETWORK_LIB -DQT_QMLINTEGRATION_LIB -DQT_POSITIONING_LIB -DQT_CONCURRENT_LIB -DQT_CORE5COMPAT_LIB -DQT_CORE_LIB -I. -I/usr/include/qt6 -I/usr/include/qt6/QtCharts -I/usr/include/qt6/QtOpenGLWidgets -I/usr/include/qt6/QtWebEngineWidgets -I/usr/include/qt6/QtPrintSupport -I/usr/include/qt6/QtWidgets -I/usr/include/qt6/QtWebEngineCore -I/usr/include/qt6/QtQuick -I/usr/include/qt6/QtOpenGL -I/usr/include/qt6/QtGui -I/usr/include/qt6/QtSql -I/usr/include/qt6/QtWebChannel -I/usr/include/qt6/QtQml -I/usr/include/qt6/QtNetwork -I/usr/include/qt6/QtQmlIntegration -I/usr/include/qt6/QtPositioning -I/usr/include/qt6/QtConcurrent -I/usr/include/qt6/QtCore5Compat -I/usr/include/qt6/QtCore -I. -I. -I/usr/lib/qt6/mkspecs/linux-g++ -o impuestos.o impuestos.cpp
g++ -c -pipe -O2 -Wall -Wextra -mno-direct-extern-access -D_REENTRANT -DQT_NO_DEBUG -DQT_CHARTS_LIB -DQT_OPENGLWIDGETS_LIB -DQT_WEBENGINEWIDGETS_LIB -DQT_PRINTSUPPORT_LIB -DQT_WIDGETS_LIB -DQT_WEBENGINECORE_LIB -DQT_QUICK_LIB -DQT_OPENGL_LIB -DQT_GUI_LIB -DQT_SQL_LIB -DQT_WEBCHANNEL_LIB -DQT_QML_LIB -DQT_NETWORK_LIB -DQT_QMLINTEGRATION_LIB -DQT_POSITIONING_LIB -DQT_CONCURRENT_LIB -DQT_CORE5COMPAT_LIB -DQT_CORE_LIB -I. -I/usr/include/qt6 -I/usr/include/qt6/QtCharts -I/usr/include/qt6/QtOpenGLWidgets -I/usr/include/qt6/QtWebEngineWidgets -I/usr/include/qt6/QtPrintSupport -I/usr/include/qt6/QtWidgets -I/usr/include/qt6/QtWebEngineCore -I/usr/include/qt6/QtQuick -I/usr/include/qt6/QtOpenGL -I/usr/include/qt6/QtGui -I/usr/include/qt6/QtSql -I/usr/include/qt6/QtWebChannel -I/usr/include/qt6/QtQml -I/usr/include/qt6/QtNetwork -I/usr/include/qt6/QtQmlIntegration -I/usr/include/qt6/QtPositioning -I/usr/include/qt6/QtConcurrent -I/usr/include/qt6/QtCore5Compat -I/usr/include/qt6/QtCore -I. -I. -I/usr/lib/qt6/mkspecs/linux-g++ -o login.o login.cpp
g++ -c -pipe -O2 -Wall -Wextra -mno-direct-extern-access -D_REENTRANT -DQT_NO_DEBUG -DQT_CHARTS_LIB -DQT_OPENGLWIDGETS_LIB -DQT_WEBENGINEWIDGETS_LIB -DQT_PRINTSUPPORT_LIB -DQT_WIDGETS_LIB -DQT_WEBENGINECORE_LIB -DQT_QUICK_LIB -DQT_OPENGL_LIB -DQT_GUI_LIB -DQT_SQL_LIB -DQT_WEBCHANNEL_LIB -DQT_QML_LIB -DQT_NETWORK_LIB -DQT_QMLINTEGRATION_LIB -DQT_POSITIONING_LIB -DQT_CONCURRENT_LIB -DQT_CORE5COMPAT_LIB -DQT_CORE_LIB -I. -I/usr/include/qt6 -I/usr/include/qt6/QtCharts -I/usr/include/qt6/QtOpenGLWidgets -I/usr/include/qt6/QtWebEngineWidgets -I/usr/include/qt6/QtPrintSupport -I/usr/include/qt6/QtWidgets -I/usr/include/qt6/QtWebEngineCore -I/usr/include/qt6/QtQuick -I/usr/include/qt6/QtOpenGL -I/usr/include/qt6/QtGui -I/usr/include/qt6/QtSql -I/usr/include/qt6/QtWebChannel -I/usr/include/qt6/QtQml -I/usr/include/qt6/QtNetwork -I/usr/include/qt6/QtQmlIntegration -I/usr/include/qt6/QtPositioning -I/usr/include/qt6/QtConcurrent -I/usr/include/qt6/QtCore5Compat -I/usr/include/qt6/QtCore -I. -I. -I/usr/lib/qt6/mkspecs/linux-g++ -o tienda.o tienda.cpp
g++ -c -pipe -O2 -Wall -Wextra -mno-direct-extern-access -D_REENTRANT -DQT_NO_DEBUG -DQT_CHARTS_LIB -DQT_OPENGLWIDGETS_LIB -DQT_WEBENGINEWIDGETS_LIB -DQT_PRINTSUPPORT_LIB -DQT_WIDGETS_LIB -DQT_WEBENGINECORE_LIB -DQT_QUICK_LIB -DQT_OPENGL_LIB -DQT_GUI_LIB -DQT_SQL_LIB -DQT_WEBCHANNEL_LIB -DQT_QML_LIB -DQT_NETWORK_LIB -DQT_QMLINTEGRATION_LIB -DQT_POSITIONING_LIB -DQT_CONCURRENT_LIB -DQT_CORE5COMPAT_LIB -DQT_CORE_LIB -I. -I/usr/include/qt6 -I/usr/include/qt6/QtCharts -I/usr/include/qt6/QtOpenGLWidgets -I/usr/include/qt6/QtWebEngineWidgets -I/usr/include/qt6/QtPrintSupport -I/usr/include/qt6/QtWidgets -I/usr/include/qt6/QtWebEngineCore -I/usr/include/qt6/QtQuick -I/usr/include/qt6/QtOpenGL -I/usr/include/qt6/QtGui -I/usr/include/qt6/QtSql -I/usr/include/qt6/QtWebChannel -I/usr/include/qt6/QtQml -I/usr/include/qt6/QtNetwork -I/usr/include/qt6/QtQmlIntegration -I/usr/include/qt6/QtPositioning -I/usr/include/qt6/QtConcurrent -I/usr/include/qt6/QtCore5Compat -I/usr/include/qt6/QtCore -I. -I. -I/usr/lib/qt6/mkspecs/linux-g++ -o tpv.o tpv.cpp
g++ -c -pipe -O2 -Wall -Wextra -mno-direct-extern-access -D_REENTRANT -DQT_NO_DEBUG -DQT_CHARTS_LIB -DQT_OPENGLWIDGETS_LIB -DQT_WEBENGINEWIDGETS_LIB -DQT_PRINTSUPPORT_LIB -DQT_WIDGETS_LIB -DQT_WEBENGINECORE_LIB -DQT_QUICK_LIB -DQT_OPENGL_LIB -DQT_GUI_LIB -DQT_SQL_LIB -DQT_WEBCHANNEL_LIB -DQT_QML_LIB -DQT_NETWORK_LIB -DQT_QMLINTEGRATION_LIB -DQT_POSITIONING_LIB -DQT_CONCURRENT_LIB -DQT_CORE5COMPAT_LIB -DQT_CORE_LIB -I. -I/usr/include/qt6 -I/usr/include/qt6/QtCharts -I/usr/include/qt6/QtOpenGLWidgets -I/usr/include/qt6/QtWebEngineWidgets -I/usr/include/qt6/QtPrintSupport -I/usr/include/qt6/QtWidgets -I/usr/include/qt6/QtWebEngineCore -I/usr/include/qt6/QtQuick -I/usr/include/qt6/QtOpenGL -I/usr/include/qt6/QtGui -I/usr/include/qt6/QtSql -I/usr/include/qt6/QtWebChannel -I/usr/include/qt6/QtQml -I/usr/include/qt6/QtNetwork -I/usr/include/qt6/QtQmlIntegration -I/usr/include/qt6/QtPositioning -I/usr/include/qt6/QtConcurrent -I/usr/include/qt6/QtCore5Compat -I/usr/include/qt6/QtCore -I. -I. -I/usr/lib/qt6/mkspecs/linux-g++ -o base_datos.o base_datos.cpp
g++ -c -pipe -O2 -Wall -Wextra -mno-direct-extern-access -D_REENTRANT -DQT_NO_DEBUG -DQT_CHARTS_LIB -DQT_OPENGLWIDGETS_LIB -DQT_WEBENGINEWIDGETS_LIB -DQT_PRINTSUPPORT_LIB -DQT_WIDGETS_LIB -DQT_WEBENGINECORE_LIB -DQT_QUICK_LIB -DQT_OPENGL_LIB -DQT_GUI_LIB -DQT_SQL_LIB -DQT_WEBCHANNEL_LIB -DQT_QML_LIB -DQT_NETWORK_LIB -DQT_QMLINTEGRATION_LIB -DQT_POSITIONING_LIB -DQT_CONCURRENT_LIB -DQT_CORE5COMPAT_LIB -DQT_CORE_LIB -I. -I/usr/include/qt6 -I/usr/include/qt6/QtCharts -I/usr/include/qt6/QtOpenGLWidgets -I/usr/include/qt6/QtWebEngineWidgets -I/usr/include/qt6/QtPrintSupport -I/usr/include/qt6/QtWidgets -I/usr/include/qt6/QtWebEngineCore -I/usr/include/qt6/QtQuick -I/usr/include/qt6/QtOpenGL -I/usr/include/qt6/QtGui -I/usr/include/qt6/QtSql -I/usr/include/qt6/QtWebChannel -I/usr/include/qt6/QtQml -I/usr/include/qt6/QtNetwork -I/usr/include/qt6/QtQmlIntegration -I/usr/include/qt6/QtPositioning -I/usr/include/qt6/QtConcurrent -I/usr/include/qt6/QtCore5Compat -I/usr/include/qt6/QtCore -I. -I. -I/usr/lib/qt6/mkspecs/linux-g++ -o buscarproducto.o buscarproducto.cpp
g++ -c -pipe -O2 -Wall -Wextra -mno-direct-extern-access -D_REENTRANT -DQT_NO_DEBUG -DQT_CHARTS_LIB -DQT_OPENGLWIDGETS_LIB -DQT_WEBENGINEWIDGETS_LIB -DQT_PRINTSUPPORT_LIB -DQT_WIDGETS_LIB -DQT_WEBENGINECORE_LIB -DQT_QUICK_LIB -DQT_OPENGL_LIB -DQT_GUI_LIB -DQT_SQL_LIB -DQT_WEBCHANNEL_LIB -DQT_QML_LIB -DQT_NETWORK_LIB -DQT_QMLINTEGRATION_LIB -DQT_POSITIONING_LIB -DQT_CONCURRENT_LIB -DQT_CORE5COMPAT_LIB -DQT_CORE_LIB -I. -I/usr/include/qt6 -I/usr/include/qt6/QtCharts -I/usr/include/qt6/QtOpenGLWidgets -I/usr/include/qt6/QtWebEngineWidgets -I/usr/include/qt6/QtPrintSupport -I/usr/include/qt6/QtWidgets -I/usr/include/qt6/QtWebEngineCore -I/usr/include/qt6/QtQuick -I/usr/include/qt6/QtOpenGL -I/usr/include/qt6/QtGui -I/usr/include/qt6/QtSql -I/usr/include/qt6/QtWebChannel -I/usr/include/qt6/QtQml -I/usr/include/qt6/QtNetwork -I/usr/include/qt6/QtQmlIntegration -I/usr/include/qt6/QtPositioning -I/usr/include/qt6/QtConcurrent -I/usr/include/qt6/QtCore5Compat -I/usr/include/qt6/QtCore -I. -I. -I/usr/lib/qt6/mkspecs/linux-g++ -o buscarcliente.o buscarcliente.cpp
g++ -c -pipe -O2 -Wall -Wextra -mno-direct-extern-access -D_REENTRANT -DQT_NO_DEBUG -DQT_CHARTS_LIB -DQT_OPENGLWIDGETS_LIB -DQT_WEBENGINEWIDGETS_LIB -DQT_PRINTSUPPORT_LIB -DQT_WIDGETS_LIB -DQT_WEBENGINECORE_LIB -DQT_QUICK_LIB -DQT_OPENGL_LIB -DQT_GUI_LIB -DQT_SQL_LIB -DQT_WEBCHANNEL_LIB -DQT_QML_LIB -DQT_NETWORK_LIB -DQT_QMLINTEGRATION_LIB -DQT_POSITIONING_LIB -DQT_CONCURRENT_LIB -DQT_CORE5COMPAT_LIB -DQT_CORE_LIB -I. -I/usr/include/qt6 -I/usr/include/qt6/QtCharts -I/usr/include/qt6/QtOpenGLWidgets -I/usr/include/qt6/QtWebEngineWidgets -I/usr/include/qt6/QtPrintSupport -I/usr/include/qt6/QtWidgets -I/usr/include/qt6/QtWebEngineCore -I/usr/include/qt6/QtQuick -I/usr/include/qt6/QtOpenGL -I/usr/include/qt6/QtGui -I/usr/include/qt6/QtSql -I/usr/include/qt6/QtWebChannel -I/usr/include/qt6/QtQml -I/usr/include/qt6/QtNetwork -I/usr/include/qt6/QtQmlIntegration -I/usr/include/qt6/QtPositioning -I/usr/include/qt6/QtConcurrent -I/usr/include/qt6/QtCore5Compat -I/usr/include/qt6/QtCore -I. -I. -I/usr/lib/qt6/mkspecs/linux-g++ -o tabwidget.o tabwidget.cpp
g++ -c -pipe -O2 -Wall -Wextra -mno-direct-extern-access -D_REENTRANT -DQT_NO_DEBUG -DQT_CHARTS_LIB -DQT_OPENGLWIDGETS_LIB -DQT_WEBENGINEWIDGETS_LIB -DQT_PRINTSUPPORT_LIB -DQT_WIDGETS_LIB -DQT_WEBENGINECORE_LIB -DQT_QUICK_LIB -DQT_OPENGL_LIB -DQT_GUI_LIB -DQT_SQL_LIB -DQT_WEBCHANNEL_LIB -DQT_QML_LIB -DQT_NETWORK_LIB -DQT_QMLINTEGRATION_LIB -DQT_POSITIONING_LIB -DQT_CONCURRENT_LIB -DQT_CORE5COMPAT_LIB -DQT_CORE_LIB -I. -I/usr/include/qt6 -I/usr/include/qt6/QtCharts -I/usr/include/qt6/QtOpenGLWidgets -I/usr/include/qt6/QtWebEngineWidgets -I/usr/include/qt6/QtPrintSupport -I/usr/include/qt6/QtWidgets -I/usr/include/qt6/QtWebEngineCore -I/usr/include/qt6/QtQuick -I/usr/include/qt6/QtOpenGL -I/usr/include/qt6/QtGui -I/usr/include/qt6/QtSql -I/usr/include/qt6/QtWebChannel -I/usr/include/qt6/QtQml -I/usr/include/qt6/QtNetwork -I/usr/include/qt6/QtQmlIntegration -I/usr/include/qt6/QtPositioning -I/usr/include/qt6/QtConcurrent -I/usr/include/qt6/QtCore5Compat -I/usr/include/qt6/QtCore -I. -I. -I/usr/lib/qt6/mkspecs/linux-g++ -o articulos.o articulos.cpp
g++ -c -pipe -O2 -Wall -Wextra -mno-direct-extern-access -D_REENTRANT -DQT_NO_DEBUG -DQT_CHARTS_LIB -DQT_OPENGLWIDGETS_LIB -DQT_WEBENGINEWIDGETS_LIB -DQT_PRINTSUPPORT_LIB -DQT_WIDGETS_LIB -DQT_WEBENGINECORE_LIB -DQT_QUICK_LIB -DQT_OPENGL_LIB -DQT_GUI_LIB -DQT_SQL_LIB -DQT_WEBCHANNEL_LIB -DQT_QML_LIB -DQT_NETWORK_LIB -DQT_QMLINTEGRATION_LIB -DQT_POSITIONING_LIB -DQT_CONCURRENT_LIB -DQT_CORE5COMPAT_LIB -DQT_CORE_LIB -I. -I/usr/include/qt6 -I/usr/include/qt6/QtCharts -I/usr/include/qt6/QtOpenGLWidgets -I/usr/include/qt6/QtWebEngineWidgets -I/usr/include/qt6/QtPrintSupport -I/usr/include/qt6/QtWidgets -I/usr/include/qt6/QtWebEngineCore -I/usr/include/qt6/QtQuick -I/usr/include/qt6/QtOpenGL -I/usr/include/qt6/QtGui -I/usr/include/qt6/QtSql -I/usr/include/qt6/QtWebChannel -I/usr/include/qt6/QtQml -I/usr/include/qt6/QtNetwork -I/usr/include/qt6/QtQmlIntegration -I/usr/include/qt6/QtPositioning -I/usr/include/qt6/QtConcurrent -I/usr/include/qt6/QtCore5Compat -I/usr/include/qt6/QtCore -I. -I. -I/usr/lib/qt6/mkspecs/linux-g++ -o familias.o familias.cpp
g++ -c -pipe -O2 -Wall -Wextra -mno-direct-extern-access -D_REENTRANT -DQT_NO_DEBUG -DQT_CHARTS_LIB -DQT_OPENGLWIDGETS_LIB -DQT_WEBENGINEWIDGETS_LIB -DQT_PRINTSUPPORT_LIB -DQT_WIDGETS_LIB -DQT_WEBENGINECORE_LIB -DQT_QUICK_LIB -DQT_OPENGL_LIB -DQT_GUI_LIB -DQT_SQL_LIB -DQT_WEBCHANNEL_LIB -DQT_QML_LIB -DQT_NETWORK_LIB -DQT_QMLINTEGRATION_LIB -DQT_POSITIONING_LIB -DQT_CONCURRENT_LIB -DQT_CORE5COMPAT_LIB -DQT_CORE_LIB -I. -I/usr/include/qt6 -I/usr/include/qt6/QtCharts -I/usr/include/qt6/QtOpenGLWidgets -I/usr/include/qt6/QtWebEngineWidgets -I/usr/include/qt6/QtPrintSupport -I/usr/include/qt6/QtWidgets -I/usr/include/qt6/QtWebEngineCore -I/usr/include/qt6/QtQuick -I/usr/include/qt6/QtOpenGL -I/usr/include/qt6/QtGui -I/usr/include/qt6/QtSql -I/usr/include/qt6/QtWebChannel -I/usr/include/qt6/QtQml -I/usr/include/qt6/QtNetwork -I/usr/include/qt6/QtQmlIntegration -I/usr/include/qt6/QtPositioning -I/usr/include/qt6/QtConcurrent -I/usr/include/qt6/QtCore5Compat -I/usr/include/qt6/QtCore -I. -I. -I/usr/lib/qt6/mkspecs/linux-g++ -o fabricantes.o fabricantes.cpp
g++ -c -pipe -O2 -Wall -Wextra -mno-direct-extern-access -D_REENTRANT -DQT_NO_DEBUG -DQT_CHARTS_LIB -DQT_OPENGLWIDGETS_LIB -DQT_WEBENGINEWIDGETS_LIB -DQT_PRINTSUPPORT_LIB -DQT_WIDGETS_LIB -DQT_WEBENGINECORE_LIB -DQT_QUICK_LIB -DQT_OPENGL_LIB -DQT_GUI_LIB -DQT_SQL_LIB -DQT_WEBCHANNEL_LIB -DQT_QML_LIB -DQT_NETWORK_LIB -DQT_QMLINTEGRATION_LIB -DQT_POSITIONING_LIB -DQT_CONCURRENT_LIB -DQT_CORE5COMPAT_LIB -DQT_CORE_LIB -I. -I/usr/include/qt6 -I/usr/include/qt6/QtCharts -I/usr/include/qt6/QtOpenGLWidgets -I/usr/include/qt6/QtWebEngineWidgets -I/usr/include/qt6/QtPrintSupport -I/usr/include/qt6/QtWidgets -I/usr/include/qt6/QtWebEngineCore -I/usr/include/qt6/QtQuick -I/usr/include/qt6/QtOpenGL -I/usr/include/qt6/QtGui -I/usr/include/qt6/QtSql -I/usr/include/qt6/QtWebChannel -I/usr/include/qt6/QtQml -I/usr/include/qt6/QtNetwork -I/usr/include/qt6/QtQmlIntegration -I/usr/include/qt6/QtPositioning -I/usr/include/qt6/QtConcurrent -I/usr/include/qt6/QtCore5Compat -I/usr/include/qt6/QtCore -I. -I. -I/usr/lib/qt6/mkspecs/linux-g++ -o totalizar.o totalizar.cpp
g++ -c -pipe -O2 -Wall -Wextra -mno-direct-extern-access -D_REENTRANT -DQT_NO_DEBUG -DQT_CHARTS_LIB -DQT_OPENGLWIDGETS_LIB -DQT_WEBENGINEWIDGETS_LIB -DQT_PRINTSUPPORT_LIB -DQT_WIDGETS_LIB -DQT_WEBENGINECORE_LIB -DQT_QUICK_LIB -DQT_OPENGL_LIB -DQT_GUI_LIB -DQT_SQL_LIB -DQT_WEBCHANNEL_LIB -DQT_QML_LIB -DQT_NETWORK_LIB -DQT_QMLINTEGRATION_LIB -DQT_POSITIONING_LIB -DQT_CONCURRENT_LIB -DQT_CORE5COMPAT_LIB -DQT_CORE_LIB -I. -I/usr/include/qt6 -I/usr/include/qt6/QtCharts -I/usr/include/qt6/QtOpenGLWidgets -I/usr/include/qt6/QtWebEngineWidgets -I/usr/include/qt6/QtPrintSupport -I/usr/include/qt6/QtWidgets -I/usr/include/qt6/QtWebEngineCore -I/usr/include/qt6/QtQuick -I/usr/include/qt6/QtOpenGL -I/usr/include/qt6/QtGui -I/usr/include/qt6/QtSql -I/usr/include/qt6/QtWebChannel -I/usr/include/qt6/QtQml -I/usr/include/qt6/QtNetwork -I/usr/include/qt6/QtQmlIntegration -I/usr/include/qt6/QtPositioning -I/usr/include/qt6/QtConcurrent -I/usr/include/qt6/QtCore5Compat -I/usr/include/qt6/QtCore -I. -I. -I/usr/lib/qt6/mkspecs/linux-g++ -o formaspago.o formaspago.cpp
g++ -c -pipe -O2 -Wall -Wextra -mno-direct-extern-access -D_REENTRANT -DQT_NO_DEBUG -DQT_CHARTS_LIB -DQT_OPENGLWIDGETS_LIB -DQT_WEBENGINEWIDGETS_LIB -DQT_PRINTSUPPORT_LIB -DQT_WIDGETS_LIB -DQT_WEBENGINECORE_LIB -DQT_QUICK_LIB -DQT_OPENGL_LIB -DQT_GUI_LIB -DQT_SQL_LIB -DQT_WEBCHANNEL_LIB -DQT_QML_LIB -DQT_NETWORK_LIB -DQT_QMLINTEGRATION_LIB -DQT_POSITIONING_LIB -DQT_CONCURRENT_LIB -DQT_CORE5COMPAT_LIB -DQT_CORE_LIB -I. -I/usr/include/qt6 -I/usr/include/qt6/QtCharts -I/usr/include/qt6/QtOpenGLWidgets -I/usr/include/qt6/QtWebEngineWidgets -I/usr/include/qt6/QtPrintSupport -I/usr/include/qt6/QtWidgets -I/usr/include/qt6/QtWebEngineCore -I/usr/include/qt6/QtQuick -I/usr/include/qt6/QtOpenGL -I/usr/include/qt6/QtGui -I/usr/include/qt6/QtSql -I/usr/include/qt6/QtWebChannel -I/usr/include/qt6/QtQml -I/usr/include/qt6/QtNetwork -I/usr/include/qt6/QtQmlIntegration -I/usr/include/qt6/QtPositioning -I/usr/include/qt6/QtConcurrent -I/usr/include/qt6/QtCore5Compat -I/usr/include/qt6/QtCore -I. -I. -I/usr/lib/qt6/mkspecs/linux-g++ -o clientes.o clientes.cpp
g++ -c -pipe -O2 -Wall -Wextra -mno-direct-extern-access -D_REENTRANT -DQT_NO_DEBUG -DQT_CHARTS_LIB -DQT_OPENGLWIDGETS_LIB -DQT_WEBENGINEWIDGETS_LIB -DQT_PRINTSUPPORT_LIB -DQT_WIDGETS_LIB -DQT_WEBENGINECORE_LIB -DQT_QUICK_LIB -DQT_OPENGL_LIB -DQT_GUI_LIB -DQT_SQL_LIB -DQT_WEBCHANNEL_LIB -DQT_QML_LIB -DQT_NETWORK_LIB -DQT_QMLINTEGRATION_LIB -DQT_POSITIONING_LIB -DQT_CONCURRENT_LIB -DQT_CORE5COMPAT_LIB -DQT_CORE_LIB -I. -I/usr/include/qt6 -I/usr/include/qt6/QtCharts -I/usr/include/qt6/QtOpenGLWidgets -I/usr/include/qt6/QtWebEngineWidgets -I/usr/include/qt6/QtPrintSupport -I/usr/include/qt6/QtWidgets -I/usr/include/qt6/QtWebEngineCore -I/usr/include/qt6/QtQuick -I/usr/include/qt6/QtOpenGL -I/usr/include/qt6/QtGui -I/usr/include/qt6/QtSql -I/usr/include/qt6/QtWebChannel -I/usr/include/qt6/QtQml -I/usr/include/qt6/QtNetwork -I/usr/include/qt6/QtQmlIntegration -I/usr/include/qt6/QtPositioning -I/usr/include/qt6/QtConcurrent -I/usr/include/qt6/QtCore5Compat -I/usr/include/qt6/QtCore -I. -I. -I/usr/lib/qt6/mkspecs/linux-g++ -o proveedores.o proveedores.cpp
g++ -c -pipe -O2 -Wall -Wextra -mno-direct-extern-access -D_REENTRANT -DQT_NO_DEBUG -DQT_CHARTS_LIB -DQT_OPENGLWIDGETS_LIB -DQT_WEBENGINEWIDGETS_LIB -DQT_PRINTSUPPORT_LIB -DQT_WIDGETS_LIB -DQT_WEBENGINECORE_LIB -DQT_QUICK_LIB -DQT_OPENGL_LIB -DQT_GUI_LIB -DQT_SQL_LIB -DQT_WEBCHANNEL_LIB -DQT_QML_LIB -DQT_NETWORK_LIB -DQT_QMLINTEGRATION_LIB -DQT_POSITIONING_LIB -DQT_CONCURRENT_LIB -DQT_CORE5COMPAT_LIB -DQT_CORE_LIB -I. -I/usr/include/qt6 -I/usr/include/qt6/QtCharts -I/usr/include/qt6/QtOpenGLWidgets -I/usr/include/qt6/QtWebEngineWidgets -I/usr/include/qt6/QtPrintSupport -I/usr/include/qt6/QtWidgets -I/usr/include/qt6/QtWebEngineCore -I/usr/include/qt6/QtQuick -I/usr/include/qt6/QtOpenGL -I/usr/include/qt6/QtGui -I/usr/include/qt6/QtSql -I/usr/include/qt6/QtWebChannel -I/usr/include/qt6/QtQml -I/usr/include/qt6/QtNetwork -I/usr/include/qt6/QtQmlIntegration -I/usr/include/qt6/QtPositioning -I/usr/include/qt6/QtConcurrent -I/usr/include/qt6/QtCore5Compat -I/usr/include/qt6/QtCore -I. -I. -I/usr/lib/qt6/mkspecs/linux-g++ -o gestionpedidos.o gestionpedidos.cpp
g++ -c -pipe -O2 -Wall -Wextra -mno-direct-extern-access -D_REENTRANT -DQT_NO_DEBUG -DQT_CHARTS_LIB -DQT_OPENGLWIDGETS_LIB -DQT_WEBENGINEWIDGETS_LIB -DQT_PRINTSUPPORT_LIB -DQT_WIDGETS_LIB -DQT_WEBENGINECORE_LIB -DQT_QUICK_LIB -DQT_OPENGL_LIB -DQT_GUI_LIB -DQT_SQL_LIB -DQT_WEBCHANNEL_LIB -DQT_QML_LIB -DQT_NETWORK_LIB -DQT_QMLINTEGRATION_LIB -DQT_POSITIONING_LIB -DQT_CONCURRENT_LIB -DQT_CORE5COMPAT_LIB -DQT_CORE_LIB -I. -I/usr/include/qt6 -I/usr/include/qt6/QtCharts -I/usr/include/qt6/QtOpenGLWidgets -I/usr/include/qt6/QtWebEngineWidgets -I/usr/include/qt6/QtPrintSupport -I/usr/include/qt6/QtWidgets -I/usr/include/qt6/QtWebEngineCore -I/usr/include/qt6/QtQuick -I/usr/include/qt6/QtOpenGL -I/usr/include/qt6/QtGui -I/usr/include/qt6/QtSql -I/usr/include/qt6/QtWebChannel -I/usr/include/qt6/QtQml -I/usr/include/qt6/QtNetwork -I/usr/include/qt6/QtQmlIntegration -I/usr/include/qt6/QtPositioning -I/usr/include/qt6/QtConcurrent -I/usr/include/qt6/QtCore5Compat -I/usr/include/qt6/QtCore -I. -I. -I/usr/lib/qt6/mkspecs/linux-g++ -o pedidonuevo.o pedidonuevo.cpp
g++ -c -pipe -O2 -Wall -Wextra -mno-direct-extern-access -D_REENTRANT -DQT_NO_DEBUG -DQT_CHARTS_LIB -DQT_OPENGLWIDGETS_LIB -DQT_WEBENGINEWIDGETS_LIB -DQT_PRINTSUPPORT_LIB -DQT_WIDGETS_LIB -DQT_WEBENGINECORE_LIB -DQT_QUICK_LIB -DQT_OPENGL_LIB -DQT_GUI_LIB -DQT_SQL_LIB -DQT_WEBCHANNEL_LIB -DQT_QML_LIB -DQT_NETWORK_LIB -DQT_QMLINTEGRATION_LIB -DQT_POSITIONING_LIB -DQT_CONCURRENT_LIB -DQT_CORE5COMPAT_LIB -DQT_CORE_LIB -I. -I/usr/include/qt6 -I/usr/include/qt6/QtCharts -I/usr/include/qt6/QtOpenGLWidgets -I/usr/include/qt6/QtWebEngineWidgets -I/usr/include/qt6/QtPrintSupport -I/usr/include/qt6/QtWidgets -I/usr/include/qt6/QtWebEngineCore -I/usr/include/qt6/QtQuick -I/usr/include/qt6/QtOpenGL -I/usr/include/qt6/QtGui -I/usr/include/qt6/QtSql -I/usr/include/qt6/QtWebChannel -I/usr/include/qt6/QtQml -I/usr/include/qt6/QtNetwork -I/usr/include/qt6/QtQmlIntegration -I/usr/include/qt6/QtPositioning -I/usr/include/qt6/QtConcurrent -I/usr/include/qt6/QtCore5Compat -I/usr/include/qt6/QtCore -I. -I. -I/usr/lib/qt6/mkspecs/linux-g++ -o buscarproveedor.o buscarproveedor.cpp
g++ -c -pipe -O2 -Wall -Wextra -mno-direct-extern-access -D_REENTRANT -DQT_NO_DEBUG -DQT_CHARTS_LIB -DQT_OPENGLWIDGETS_LIB -DQT_WEBENGINEWIDGETS_LIB -DQT_PRINTSUPPORT_LIB -DQT_WIDGETS_LIB -DQT_WEBENGINECORE_LIB -DQT_QUICK_LIB -DQT_OPENGL_LIB -DQT_GUI_LIB -DQT_SQL_LIB -DQT_WEBCHANNEL_LIB -DQT_QML_LIB -DQT_NETWORK_LIB -DQT_QMLINTEGRATION_LIB -DQT_POSITIONING_LIB -DQT_CONCURRENT_LIB -DQT_CORE5COMPAT_LIB -DQT_CORE_LIB -I. -I/usr/include/qt6 -I/usr/include/qt6/QtCharts -I/usr/include/qt6/QtOpenGLWidgets -I/usr/include/qt6/QtWebEngineWidgets -I/usr/include/qt6/QtPrintSupport -I/usr/include/qt6/QtWidgets -I/usr/include/qt6/QtWebEngineCore -I/usr/include/qt6/QtQuick -I/usr/include/qt6/QtOpenGL -I/usr/include/qt6/QtGui -I/usr/include/qt6/QtSql -I/usr/include/qt6/QtWebChannel -I/usr/include/qt6/QtQml -I/usr/include/qt6/QtNetwork -I/usr/include/qt6/QtQmlIntegration -I/usr/include/qt6/QtPositioning -I/usr/include/qt6/QtConcurrent -I/usr/include/qt6/QtCore5Compat -I/usr/include/qt6/QtCore -I. -I. -I/usr/lib/qt6/mkspecs/linux-g++ -o pedidos.o pedidos.cpp
En el fichero incluido desde tienda.cpp:1:
tienda.h:43:10: error fatal: facturacion.h: No existe el fichero o el directorio
   43 | #include "facturacion.h"
      |          ^~~~~~~~~~~~~~~
compilación terminada.
En el fichero incluido desde main.cpp:4:
tienda.h:43:10: error fatal: facturacion.h: No existe el fichero o el directorio
   43 | #include "facturacion.h"
      |          ^~~~~~~~~~~~~~~
compilación terminada.
make: *** [Makefile:2550: tienda.o] Error 1
make: *** Se espera a que terminen otras tareas....
make: *** [Makefile:2433: main.o] Error 1
En el fichero incluido desde tabwidget.h:6,
                 desde tabwidget.cpp:1:
buscarproducto.h: In member function ‘void ProxyProductos::actualizar()’:
buscarproducto.h:28:41: aviso: ‘void QSortFilterProxyModel::invalidateFilter()’ es obsoleto: Use begin/endFilterChange() instead [-Wdeprecated-declarations]
   28 |     void actualizar() { invalidateFilter(); }
      |                         ~~~~~~~~~~~~~~~~^~
En el fichero incluido desde /usr/include/qt6/QtCore/QSortFilterProxyModel:1,
                 desde buscarproducto.h:7:
/usr/include/qt6/QtCore/qsortfilterproxymodel.h:128:10: nota: se declara aquí
  128 |     void invalidateFilter();
      |          ^~~~~~~~~~~~~~~~
En el fichero incluido desde buscarcliente.cpp:1:
buscarcliente.h: In member function ‘void ProxyClientes::actualizar()’:
buscarcliente.h:20:41: aviso: ‘void QSortFilterProxyModel::invalidateFilter()’ es obsoleto: Use begin/endFilterChange() instead [-Wdeprecated-declarations]
   20 |     void actualizar() { invalidateFilter(); }
      |                         ~~~~~~~~~~~~~~~~^~
En el fichero incluido desde /usr/include/qt6/QtCore/QSortFilterProxyModel:1,
                 desde buscarcliente.h:7:
/usr/include/qt6/QtCore/qsortfilterproxymodel.h:128:10: nota: se declara aquí
  128 |     void invalidateFilter();
      |          ^~~~~~~~~~~~~~~~
En el fichero incluido desde buscarproducto.cpp:1:
buscarproducto.h: In member function ‘void ProxyProductos::actualizar()’:
buscarproducto.h:28:41: aviso: ‘void QSortFilterProxyModel::invalidateFilter()’ es obsoleto: Use begin/endFilterChange() instead [-Wdeprecated-declarations]
   28 |     void actualizar() { invalidateFilter(); }
      |                         ~~~~~~~~~~~~~~~~^~
En el fichero incluido desde /usr/include/qt6/QtCore/QSortFilterProxyModel:1,
                 desde buscarproducto.h:7:
/usr/include/qt6/QtCore/qsortfilterproxymodel.h:128:10: nota: se declara aquí
  128 |     void invalidateFilter();
      |          ^~~~~~~~~~~~~~~~
buscarproveedor.cpp: In constructor ‘BuscarProveedor::BuscarProveedor(QWidget*, QString)’:
buscarproveedor.cpp:16:20: aviso: ‘void QSqlQueryModel::setQuery(const QSqlQuery&)’ es obsoleto: QSqlQuery is not meant to be copied. Pass it by move instead. [-Wdeprecated-declarations]
   16 |     modelo.setQuery(query);
      |     ~~~~~~~~~~~~~~~^~~~~~~
En el fichero incluido desde /usr/include/qt6/QtSql/QSqlQueryModel:1,
                 desde base_datos.h:9,
                 desde buscarproveedor.h:5,
                 desde buscarproveedor.cpp:1:
/usr/include/qt6/QtSql/qsqlquerymodel.h:46:10: nota: se declara aquí
   46 |     void setQuery(const QSqlQuery &query);
      |          ^~~~~~~~
base_datos.cpp: In member function ‘QSqlQuery baseDatos::buscarProducto(QSqlDatabase, QString, QString)’:
base_datos.cpp:163:62: aviso: parámetro ‘tabla’ sin uso [-Wunused-parameter]
  163 | QSqlQuery baseDatos::buscarProducto(QSqlDatabase db, QString tabla, QString nombre)
      |                                                      ~~~~~~~~^~~~~
generarvales.cpp: In member function ‘void GenerarVales::on_pushButtonGenerar_clicked()’:
generarvales.cpp:47:10: aviso: se define la variable ‘caducar’ pero no se usa [-Wunused-but-set-variable]
   47 |     bool caducar = base.caducarVales(conf->getConexionLocal());
      |          ^~~~~~~
pedidonuevo.cpp: In member function ‘void PedidoNuevo::on_pushButtonAceptar_clicked()’:
pedidonuevo.cpp:44:9: aviso: se sugieren llaves alrededor del cuerpo vacío en una declaración ‘if’ [-Wempty-body]
   44 |         ;
      |         ^
base_datos.cpp: In member function ‘bool baseDatos::ticketPromo(QString)’:
base_datos.cpp:1281:37: aviso: parámetro ‘base’ sin uso [-Wunused-parameter]
 1281 | bool baseDatos::ticketPromo(QString base)
      |                             ~~~~~~~~^~~~
base_datos.cpp: In member function ‘QSqlQuery baseDatos::devolverTablaCompleta(QString, QString)’:
base_datos.cpp:1601:52: aviso: parámetro ‘base’ sin uso [-Wunused-parameter]
 1601 | QSqlQuery baseDatos::devolverTablaCompleta(QString base, QString nombreTabla)
      |                                            ~~~~~~~~^~~~
En el fichero incluido desde conexionesremotas.cpp:2:
conexion.h:19:13: aviso: se define ‘bool createConnection()’ pero no se usa [-Wunused-function]
   19 | static bool createConnection()
      |             ^~~~~~~~~~~~~~~~
base_datos.cpp: In member function ‘QSqlQueryModel* baseDatos::consultarLog(QString, const QString&, const QString&, const QDateTime&, const QDateTime&)’:
base_datos.cpp:2023:20: aviso: ‘void QSqlQueryModel::setQuery(const QSqlQuery&)’ es obsoleto: QSqlQuery is not meant to be copied. Pass it by move instead. [-Wdeprecated-declarations]
 2023 |     model->setQuery(query);
      |     ~~~~~~~~~~~~~~~^~~~~~~
En el fichero incluido desde /usr/include/qt6/QtSql/QSqlQueryModel:1,
                 desde base_datos.h:9,
                 desde base_datos.cpp:1:
/usr/include/qt6/QtSql/qsqlquerymodel.h:46:10: nota: se declara aquí
   46 |     void setQuery(const QSqlQuery &query);
      |          ^~~~~~~~
base_datos.cpp: In member function ‘bool baseDatos::crearNota(const QString&, const QString&, const QString&, const QString&, const QString&, const QString&)’:
base_datos.cpp:2107:82: aviso: ‘QVariant::QVariant(Type)’ es obsoleto: Use the constructor taking a QMetaType instead. [-Wdeprecated-declarations]
 2107 |     q.bindValue(":fechaLimite", fechaLimite.isEmpty() ? QVariant(QVariant::String) : QVariant(fechaLimite));
      |                                                                                  ^
En el fichero incluido desde /usr/include/qt6/QtCore/qmetaobject.h:10,
                 desde /usr/include/qt6/QtSql/qsqldatabase.h:9,
                 desde /usr/include/qt6/QtSql/QSqlDatabase:1,
                 desde base_datos.h:6:
/usr/include/qt6/QtCore/qvariant.h:560:14: nota: se declara aquí
  560 |     explicit QVariant(Type type)
      |              ^~~~~~~~
base_datos.cpp: In member function ‘bool baseDatos::editarNota(const QString&, int, const QString&, const QString&, const QString&, const QString&)’:
base_datos.cpp:2156:82: aviso: ‘QVariant::QVariant(Type)’ es obsoleto: Use the constructor taking a QMetaType instead. [-Wdeprecated-declarations]
 2156 |     q.bindValue(":fechaLimite", fechaLimite.isEmpty() ? QVariant(QVariant::String) : QVariant(fechaLimite));
      |                                                                                  ^
/usr/include/qt6/QtCore/qvariant.h:560:14: nota: se declara aquí
  560 |     explicit QVariant(Type type)
      |              ^~~~~~~~
base_datos.cpp: In member function ‘QSqlQueryModel* baseDatos::consultarNotas(const QString&, const QString&)’:
base_datos.cpp:2196:20: aviso: ‘void QSqlQueryModel::setQuery(const QSqlQuery&)’ es obsoleto: QSqlQuery is not meant to be copied. Pass it by move instead. [-Wdeprecated-declarations]
 2196 |     model->setQuery(query);
      |     ~~~~~~~~~~~~~~~^~~~~~~
/usr/include/qt6/QtSql/qsqlquerymodel.h:46:10: nota: se declara aquí
   46 |     void setQuery(const QSqlQuery &query);
      |          ^~~~~~~~
tabwidget.cpp: In member function ‘void Ususarios::on_lineEditNombre_returnPressed()’:
tabwidget.cpp:196:63: aviso: ‘QSqlQuery::QSqlQuery(const QSqlQuery&)’ es obsoleto: QSqlQuery is not meant to be copied. Use move construction instead. [-Wdeprecated-declarations]
  196 |     BuscarProducto *buscar = new BuscarProducto(this, consulta);
      |                                                               ^
En el fichero incluido desde /usr/include/qt6/QtSql/QSqlQuery:1,
                 desde base_datos.h:8,
                 desde tabwidget.h:5:
/usr/include/qt6/QtSql/qsqlquery.h:38:5: nota: se declara aquí
   38 |     QSqlQuery(const QSqlQuery &other);
      |     ^~~~~~~~~
buscarproducto.h:40:56: nota: initializing argument 2 of ‘BuscarProducto::BuscarProducto(QWidget*, QSqlQuery)’
   40 |     explicit BuscarProducto(QWidget *parent, QSqlQuery query);
      |                                              ~~~~~~~~~~^~~~~
En el fichero incluido desde articulos.h:5,
                 desde pedidos.h:5,
                 desde gestionpedidos.h:9,
                 desde gestionpedidos.cpp:1:
buscarproducto.h: In member function ‘void ProxyProductos::actualizar()’:
buscarproducto.h:28:41: aviso: ‘void QSortFilterProxyModel::invalidateFilter()’ es obsoleto: Use begin/endFilterChange() instead [-Wdeprecated-declarations]
   28 |     void actualizar() { invalidateFilter(); }
      |                         ~~~~~~~~~~~~~~~~^~
En el fichero incluido desde /usr/include/qt6/QtCore/QSortFilterProxyModel:1,
                 desde buscarproducto.h:7:
/usr/include/qt6/QtCore/qsortfilterproxymodel.h:128:10: nota: se declara aquí
  128 |     void invalidateFilter();
      |          ^~~~~~~~~~~~~~~~
En el fichero incluido desde articulos.h:5,
                 desde pedidos.h:5,
                 desde pedidos.cpp:1:
buscarproducto.h: In member function ‘void ProxyProductos::actualizar()’:
buscarproducto.h:28:41: aviso: ‘void QSortFilterProxyModel::invalidateFilter()’ es obsoleto: Use begin/endFilterChange() instead [-Wdeprecated-declarations]
   28 |     void actualizar() { invalidateFilter(); }
      |                         ~~~~~~~~~~~~~~~~^~
En el fichero incluido desde /usr/include/qt6/QtCore/QSortFilterProxyModel:1,
                 desde buscarproducto.h:7:
/usr/include/qt6/QtCore/qsortfilterproxymodel.h:128:10: nota: se declara aquí
  128 |     void invalidateFilter();
      |          ^~~~~~~~~~~~~~~~
familias.cpp: In member function ‘void Familias::on_lineEdit_textChanged(const QString&)’:
familias.cpp:57:55: aviso: parámetro ‘arg1’ sin uso [-Wunused-parameter]
   57 | void Familias::on_lineEdit_textChanged(const QString &arg1)
      |                                        ~~~~~~~~~~~~~~~^~~~
En el fichero incluido desde articulos.h:5,
                 desde articulos.cpp:1:
buscarproducto.h: In member function ‘void ProxyProductos::actualizar()’:
buscarproducto.h:28:41: aviso: ‘void QSortFilterProxyModel::invalidateFilter()’ es obsoleto: Use begin/endFilterChange() instead [-Wdeprecated-declarations]
   28 |     void actualizar() { invalidateFilter(); }
      |                         ~~~~~~~~~~~~~~~~^~
En el fichero incluido desde /usr/include/qt6/QtCore/QSortFilterProxyModel:1,
                 desde buscarproducto.h:7:
/usr/include/qt6/QtCore/qsortfilterproxymodel.h:128:10: nota: se declara aquí
  128 |     void invalidateFilter();
      |          ^~~~~~~~~~~~~~~~
buscarcliente.cpp: In constructor ‘BuscarCliente::BuscarCliente(QWidget*, QSqlQuery)’:
buscarcliente.cpp:14:19: aviso: ‘QSqlQuery& QSqlQuery::operator=(const QSqlQuery&)’ es obsoleto: QSqlQuery is not meant to be copied. Use move assignment instead. [-Wdeprecated-declarations]
   14 |     this->query = query;
      |                   ^~~~~
En el fichero incluido desde /usr/include/qt6/QtSql/QSqlQuery:1,
                 desde buscarcliente.h:5:
/usr/include/qt6/QtSql/qsqlquery.h:40:16: nota: se declara aquí
   40 |     QSqlQuery& operator=(const QSqlQuery &other);
      |                ^~~~~~~~
buscarcliente.cpp:15:20: aviso: ‘void QSqlQueryModel::setQuery(const QSqlQuery&)’ es obsoleto: QSqlQuery is not meant to be copied. Pass it by move instead. [-Wdeprecated-declarations]
   15 |     modelo.setQuery(query);
      |     ~~~~~~~~~~~~~~~^~~~~~~
En el fichero incluido desde /usr/include/qt6/QtSql/QSqlQueryModel:1,
                 desde buscarcliente.h:6:
/usr/include/qt6/QtSql/qsqlquerymodel.h:46:10: nota: se declara aquí
   46 |     void setQuery(const QSqlQuery &query);
      |          ^~~~~~~~
buscarproducto.cpp: In constructor ‘BuscarProducto::BuscarProducto(QWidget*, QSqlQuery)’:
buscarproducto.cpp:15:19: aviso: ‘QSqlQuery& QSqlQuery::operator=(const QSqlQuery&)’ es obsoleto: QSqlQuery is not meant to be copied. Use move assignment instead. [-Wdeprecated-declarations]
   15 |     this->query = query;
      |                   ^~~~~
En el fichero incluido desde /usr/include/qt6/QtSql/QSqlQuery:1,
                 desde buscarproducto.h:5:
/usr/include/qt6/QtSql/qsqlquery.h:40:16: nota: se declara aquí
   40 |     QSqlQuery& operator=(const QSqlQuery &other);
      |                ^~~~~~~~
buscarproducto.cpp:16:20: aviso: ‘void QSqlQueryModel::setQuery(const QSqlQuery&)’ es obsoleto: QSqlQuery is not meant to be copied. Pass it by move instead. [-Wdeprecated-declarations]
   16 |     modelo.setQuery(query);
      |     ~~~~~~~~~~~~~~~^~~~~~~
En el fichero incluido desde /usr/include/qt6/QtSql/QSqlQueryModel:1,
                 desde buscarproducto.h:6:
/usr/include/qt6/QtSql/qsqlquerymodel.h:46:10: nota: se declara aquí
   46 |     void setQuery(const QSqlQuery &query);
      |          ^~~~~~~~
En el fichero incluido desde tpv.h:12,
                 desde tpv.cpp:1:
buscarproducto.h: In member function ‘void ProxyProductos::actualizar()’:
buscarproducto.h:28:41: aviso: ‘void QSortFilterProxyModel::invalidateFilter()’ es obsoleto: Use begin/endFilterChange() instead [-Wdeprecated-declarations]
   28 |     void actualizar() { invalidateFilter(); }
      |                         ~~~~~~~~~~~~~~~~^~
En el fichero incluido desde /usr/include/qt6/QtCore/QSortFilterProxyModel:1,
                 desde buscarproducto.h:7:
/usr/include/qt6/QtCore/qsortfilterproxymodel.h:128:10: nota: se declara aquí
  128 |     void invalidateFilter();
      |          ^~~~~~~~~~~~~~~~
gestionpedidos.cpp: In member function ‘void GestionPedidos::on_tableView_doubleClicked(const QModelIndex&)’:
gestionpedidos.cpp:185:68: aviso: parámetro ‘index’ sin uso [-Wunused-parameter]
  185 | void GestionPedidos::on_tableView_doubleClicked(const QModelIndex &index)
      |                                                 ~~~~~~~~~~~~~~~~~~~^~~~~
En el fichero incluido desde clientes.cpp:2:
buscarcliente.h: In member function ‘void ProxyClientes::actualizar()’:
buscarcliente.h:20:41: aviso: ‘void QSortFilterProxyModel::invalidateFilter()’ es obsoleto: Use begin/endFilterChange() instead [-Wdeprecated-declarations]
   20 |     void actualizar() { invalidateFilter(); }
      |                         ~~~~~~~~~~~~~~~~^~
En el fichero incluido desde /usr/include/qt6/QtCore/QSortFilterProxyModel:1,
                 desde clientes.h:10,
                 desde clientes.cpp:1:
/usr/include/qt6/QtCore/qsortfilterproxymodel.h:128:10: nota: se declara aquí
  128 |     void invalidateFilter();
      |          ^~~~~~~~~~~~~~~~
clientes.cpp: In member function ‘void Clientes::on_lineEditNombre_returnPressed()’:
clientes.cpp:569:59: aviso: ‘QSqlQuery::QSqlQuery(const QSqlQuery&)’ es obsoleto: QSqlQuery is not meant to be copied. Use move construction instead. [-Wdeprecated-declarations]
  569 |   BuscarCliente *buscar = new BuscarCliente(this, consulta);
      |                                                           ^
En el fichero incluido desde /usr/include/qt6/QtSql/QSqlQuery:1,
                 desde base_datos.h:8,
                 desde clientes.h:3:
/usr/include/qt6/QtSql/qsqlquery.h:38:5: nota: se declara aquí
   38 |     QSqlQuery(const QSqlQuery &other);
      |     ^~~~~~~~~
buscarcliente.h:32:55: nota: initializing argument 2 of ‘BuscarCliente::BuscarCliente(QWidget*, QSqlQuery)’
   32 |     explicit BuscarCliente(QWidget *parent, QSqlQuery query);
      |                                             ~~~~~~~~~~^~~~~
pedidos.cpp: In member function ‘void pedidos::on_leUds_textChanged(const QString&)’:
pedidos.cpp:196:51: aviso: parámetro ‘arg1’ sin uso [-Wunused-parameter]
  196 | void pedidos::on_leUds_textChanged(const QString &arg1) {
      |                                    ~~~~~~~~~~~~~~~^~~~
pedidos.cpp: In member function ‘void pedidos::on_lePvt_textChanged(const QString&)’:
pedidos.cpp:200:51: aviso: parámetro ‘arg1’ sin uso [-Wunused-parameter]
  200 | void pedidos::on_lePvt_textChanged(const QString &arg1) {
      |                                    ~~~~~~~~~~~~~~~^~~~
pedidos.cpp: In member function ‘void pedidos::on_leIva_textChanged(const QString&)’:
pedidos.cpp:204:51: aviso: parámetro ‘arg1’ sin uso [-Wunused-parameter]
  204 | void pedidos::on_leIva_textChanged(const QString &arg1) {
      |                                    ~~~~~~~~~~~~~~~^~~~
pedidos.cpp: In member function ‘void pedidos::on_leDescuento_textChanged(const QString&)’:
pedidos.cpp:208:57: aviso: parámetro ‘arg1’ sin uso [-Wunused-parameter]
  208 | void pedidos::on_leDescuento_textChanged(const QString &arg1) {
      |                                          ~~~~~~~~~~~~~~~^~~~
pedidos.cpp: In member function ‘void pedidos::on_leDescripcion_returnPressed()’:
pedidos.cpp:455:61: aviso: ‘QSqlQuery::QSqlQuery(const QSqlQuery&)’ es obsoleto: QSqlQuery is not meant to be copied. Use move construction instead. [-Wdeprecated-declarations]
  455 |   BuscarProducto *buscar = new BuscarProducto(this, consulta);
      |                                                             ^
En el fichero incluido desde /usr/include/qt6/QtSql/QSqlQuery:1,
                 desde base_datos.h:8,
                 desde articulos.h:4:
/usr/include/qt6/QtSql/qsqlquery.h:38:5: nota: se declara aquí
   38 |     QSqlQuery(const QSqlQuery &other);
      |     ^~~~~~~~~
buscarproducto.h:40:56: nota: initializing argument 2 of ‘BuscarProducto::BuscarProducto(QWidget*, QSqlQuery)’
   40 |     explicit BuscarProducto(QWidget *parent, QSqlQuery query);
      |                                              ~~~~~~~~~~^~~~~
pedidos.cpp: In member function ‘void pedidos::on_leBon_textChanged(const QString&)’:
pedidos.cpp:501:51: aviso: parámetro ‘arg1’ sin uso [-Wunused-parameter]
  501 | void pedidos::on_leBon_textChanged(const QString &arg1) {
      |                                    ~~~~~~~~~~~~~~~^~~~
pedidos.cpp: In member function ‘void pedidos::on_lePvp_textChanged(const QString&)’:
pedidos.cpp:505:51: aviso: parámetro ‘arg1’ sin uso [-Wunused-parameter]
  505 | void pedidos::on_lePvp_textChanged(const QString &arg1) {
      |                                    ~~~~~~~~~~~~~~~^~~~
articulos.cpp: In member function ‘void Articulos::on_lineEditDesc_returnPressed()’:
articulos.cpp:554:63: aviso: ‘QSqlQuery::QSqlQuery(const QSqlQuery&)’ es obsoleto: QSqlQuery is not meant to be copied. Use move construction instead. [-Wdeprecated-declarations]
  554 |     BuscarProducto *buscar = new BuscarProducto(this, consulta);
      |                                                               ^
En el fichero incluido desde /usr/include/qt6/QtSql/QSqlQuery:1,
                 desde base_datos.h:8,
                 desde articulos.h:4:
/usr/include/qt6/QtSql/qsqlquery.h:38:5: nota: se declara aquí
   38 |     QSqlQuery(const QSqlQuery &other);
      |     ^~~~~~~~~
buscarproducto.h:40:56: nota: initializing argument 2 of ‘BuscarProducto::BuscarProducto(QWidget*, QSqlQuery)’
   40 |     explicit BuscarProducto(QWidget *parent, QSqlQuery query);
      |                                              ~~~~~~~~~~^~~~~
En el fichero incluido desde tpv.cpp:14:
buscarcliente.h: In member function ‘void ProxyClientes::actualizar()’:
buscarcliente.h:20:41: aviso: ‘void QSortFilterProxyModel::invalidateFilter()’ es obsoleto: Use begin/endFilterChange() instead [-Wdeprecated-declarations]
   20 |     void actualizar() { invalidateFilter(); }
      |                         ~~~~~~~~~~~~~~~~^~
/usr/include/qt6/QtCore/qsortfilterproxymodel.h:128:10: nota: se declara aquí
  128 |     void invalidateFilter();
      |          ^~~~~~~~~~~~~~~~
articulos.cpp: In member function ‘void Articulos::on_treeWidgetStockTiendas_itemDoubleClicked(QTreeWidgetItem*, int)’:
articulos.cpp:795:88: aviso: parámetro ‘column’ sin uso [-Wunused-parameter]
  795 | void Articulos::on_treeWidgetStockTiendas_itemDoubleClicked(QTreeWidgetItem *item, int column)
      |                                                                                    ~~~~^~~~~~
tpv.cpp: In member function ‘void Tpv::on_lineEdit_desc_returnPressed()’:
tpv.cpp:462:63: aviso: ‘QSqlQuery::QSqlQuery(const QSqlQuery&)’ es obsoleto: QSqlQuery is not meant to be copied. Use move construction instead. [-Wdeprecated-declarations]
  462 |     BuscarProducto *buscar = new BuscarProducto(this, consulta);
      |                                                               ^
En el fichero incluido desde /usr/include/qt6/QtSql/QSqlQuery:1,
                 desde base_datos.h:8,
                 desde tpv.h:11:
/usr/include/qt6/QtSql/qsqlquery.h:38:5: nota: se declara aquí
   38 |     QSqlQuery(const QSqlQuery &other);
      |     ^~~~~~~~~
buscarproducto.h:40:56: nota: initializing argument 2 of ‘BuscarProducto::BuscarProducto(QWidget*, QSqlQuery)’
   40 |     explicit BuscarProducto(QWidget *parent, QSqlQuery query);
      |                                              ~~~~~~~~~~^~~~~
tpv.cpp: In member function ‘void Tpv::on_btn_cobrar_clicked()’:
tpv.cpp:475:15: aviso: ignoring return value of ‘virtual bool QFile::open(QIODeviceBase::OpenMode)’, declared with attribute ‘nodiscard’ [-Wunused-result]
  475 |     cajon.open(QIODevice::WriteOnly);
      |     ~~~~~~~~~~^~~~~~~~~~~~~~~~~~~~~~
En el fichero incluido desde /usr/include/qt6/QtCore/qdir.h:11,
                 desde /usr/include/qt6/QtCore/QtCore:91,
                 desde /usr/include/qt6/QtCharts/QtChartsDepends:3,
                 desde /usr/include/qt6/QtCharts/QtCharts:3,
                 desde clientes.h:16,
                 desde tpv.h:13:
/usr/include/qt6/QtCore/qfile.h:291:32: nota: se declara aquí
  291 |     QFILE_MAYBE_NODISCARD bool open(OpenMode flags) override;
      |                                ^~~~
tpv.cpp: In member function ‘void Tpv::on_lineEdit_nobre_cliente_returnPressed()’:
tpv.cpp:725:61: aviso: ‘QSqlQuery::QSqlQuery(const QSqlQuery&)’ es obsoleto: QSqlQuery is not meant to be copied. Use move construction instead. [-Wdeprecated-declarations]
  725 |     BuscarCliente *buscar = new BuscarCliente(this, consulta);
      |                                                             ^
/usr/include/qt6/QtSql/qsqlquery.h:38:5: nota: se declara aquí
   38 |     QSqlQuery(const QSqlQuery &other);
      |     ^~~~~~~~~
buscarcliente.h:32:55: nota: initializing argument 2 of ‘BuscarCliente::BuscarCliente(QWidget*, QSqlQuery)’
   32 |     explicit BuscarCliente(QWidget *parent, QSqlQuery query);
      |                                             ~~~~~~~~~~^~~~~
tpv.cpp: In member function ‘void Tpv::on_btn_preTicket_clicked()’:
tpv.cpp:765:19: aviso: ignoring return value of ‘virtual bool QFile::open(QIODeviceBase::OpenMode)’, declared with attribute ‘nodiscard’ [-Wunused-result]
  765 |     impresora.open(QIODevice::WriteOnly);
      |     ~~~~~~~~~~~~~~^~~~~~~~~~~~~~~~~~~~~~
/usr/include/qt6/QtCore/qfile.h:291:32: nota: se declara aquí
  291 |     QFILE_MAYBE_NODISCARD bool open(OpenMode flags) override;
      |                                ^~~~
En el fichero incluido desde articulos.cpp:3:
conexion.h: En el ámbito global:
conexion.h:37:13: aviso: se define ‘bool createConnection(QString, QString, QString, QString, QString, QString)’ pero no se usa [-Wunused-function]
   37 | static bool createConnection(QString host,
      |             ^~~~~~~~~~~~~~~~
conexion.h:19:13: aviso: se define ‘bool createConnection()’ pero no se usa [-Wunused-function]
   19 | static bool createConnection()
      |             ^~~~~~~~~~~~~~~~
