
This GDB supports auto-downloading debuginfo from the following URLs:
  <https://debuginfod.archlinux.org>
Enable debuginfod for this session? (y or [n]) [answered N; input not from terminal]
Debuginfod has been disabled.
To make this setting permanent, add 'set debuginfod enabled off' to .gdbinit.
[Thread debugging using libthread_db enabled]
Using host libthread_db library "/usr/lib/libthread_db.so.1".
[New Thread 0x7fffe7e346c0 (LWP 62102)]
[New Thread 0x7fffe59ff6c0 (LWP 62103)]
[New Thread 0x7fffe51fe6c0 (LWP 62104)]
QMetaObject::connectSlotsByName: No matching signal for on_pushButtonConsultarLog_clicked()
1
GestorPermisos: tabla permisos ya tiene datos, omitiendo inserts por defecto
QSqlQuery::exec: database not open
QSqlError("", "Driver not loaded", "Driver not loaded")
QSqlError("", "", "")
[New Thread 0x7fffb6acf6c0 (LWP 62106)]
[New Thread 0x7fffb62ce6c0 (LWP 62107)]
[New Thread 0x7fffb5acd6c0 (LWP 62108)]
[New Thread 0x7fffb52cc6c0 (LWP 62109)]
[New Thread 0x7fffb4acb6c0 (LWP 62110)]
[New Thread 0x7fffa7fff6c0 (LWP 62111)]

Thread 1 "tienda" received signal SIGSEGV, Segmentation fault.
0x00007ffff77826d5 in QWidget::setMinimumHeight(int) () from /usr/lib/libQt5Widgets.so.5
#0  0x00007ffff77826d5 in QWidget::setMinimumHeight(int) () at /usr/lib/libQt5Widgets.so.5
#1  0x00005555556b9f8b in NotasWidget::setupUi() ()
#2  0x00005555556baf2b in NotasWidget::NotasWidget(QWidget*) ()
#3  0x00005555555c27d1 in Tienda::Tienda(QWidget*) ()
#4  0x00005555555a7615 in main ()
